   ┌───────────────────┐┌──────────────┐┌──────────────┐                        
   │  🏃‍➡️  running-man  ││  🔧 backend  ││  🔍  Traces  │                        
┌──┴───────────────────┴┘              └┴──────────────┴───────────────────────┐
│No logs yet...                                                                │
└──────────────────────────────────────────────────────────────────────────────┘
                                                                                
Tab: source | ↑/↓: scroll | /: search | t: trace:on | q: quit                   