   [38;5;240m┌───────────────────┐[0m[38;5;240m┌──────────────┐[0m[38;5;240m┌──────────────┐[0m                                            
   [38;5;240m│[0m[48;5;33m [0m[1;97;48;5;33m 🏃‍➡️  running-man [0m[48;5;33m [0m[38;5;240m│[0m[38;5;240m│[0m[40m [0m[97;40m 🔧 backend [0m[40m [0m[38;5;240m│[0m[38;5;240m│[0m[40m [0m[97;40m 🔍  Traces [0m[40m [0m[38;5;240m│[0m                                            
[38;5;240m┌──[0m[38;5;240m┘                   └[0m[38;5;240m┴──────────────┴[0m[38;5;240m┴──────────────┴[0m[38;5;240m───────────────────────────────────────────[0m[38;5;240m┐[0m
[38;5;240m│[0m[38;5;252m[0m                                                                                                  [38;5;240m│[0m
[38;5;240m│[0m[38;5;252m[0m                                                                                                  [38;5;240m│[0m
[38;5;240m│[0m[38;5;252m[0m                                                                                                  [38;5;240m│[0m
[38;5;240m│[0m[38;5;252m[19:42:10] [info] backend is waiting for denodo[0m                                                   [38;5;240m│[0m
[38;5;240m│[0m[38;5;252m[19:42:11] [info] Compose service denodo is ready[0m                                                 [38;5;240m│[0m
[38;5;240m│[0m[38;5;44m[19:43:02] [info] api GET /traces?since=10m 200 4.1 KB 2ms[0m                                        [38;5;240m│[0m
[38;5;240m│[0m[38;5;44m[19:43:05] [info] api GET /traces/a52b1a91528093522205536890ef2f09 200 21.7 KB 6ms[0m                [38;5;240m│[0m
[38;5;240m│[0m[38;5;44m[19:43:09] [warn] api GET /traces/nope 404 42 B 157µs[0m                                             [38;5;240m│[0m
[38;5;240m└──────────────────────────────────────────────────────────────────────────────────────────────────┘[0m
[3;38;5;241m[0m                                                                                                    
[3;38;5;241mTab: source | ↑/↓: scroll | /: search | t: [1;97;48;5;34mtrace:on[0m | q: quit[0m                                       