   [38;5;240m┌───────────────┐[0m[38;5;240m┌───────────────────┐[0m[38;5;240m┌──────────────┐[0m[38;5;240m┌───────────────┐[0m[38;5;240m┌──────────────┐[0m          
   [38;5;240m│[0m[48;5;172m [0m[1;97;48;5;172m 🚦  Startup [0m[48;5;172m [0m[38;5;240m│[0m[38;5;240m│[0m[40m [0m[97;40m 🏃‍➡️  running-man [0m[40m [0m[38;5;240m│[0m[38;5;240m│[0m[40m [0m[97;40m 🔧 backend [0m[40m [0m[38;5;240m│[0m[38;5;240m│[0m[40m [0m[97;40m 🔧 frontend [0m[40m [0m[38;5;240m│[0m[38;5;240m│[0m[40m [0m[97;40m 🔍  Traces [0m[40m [0m[38;5;240m│[0m          
[38;5;240m┌──[0m[38;5;240m┘               └[0m[38;5;240m┴───────────────────┴[0m[38;5;240m┴──────────────┴[0m[38;5;240m┴───────────────┴[0m[38;5;240m┴──────────────┴[0m[38;5;240m─────────[0m[38;5;240m┐[0m
[38;5;240m│[0m[38;5;196m Startup stopped: denodo: its healthcheck (port 9996) did not pass within 3m[0m                      [38;5;240m│[0m
[38;5;240m│[0m                                                                                                  [38;5;240m│[0m
[38;5;240m│[0m[38;5;70m ✓ denodo-source-db  ready     its Compose healthcheck passed (Compose)[0m                           [38;5;240m│[0m
[38;5;240m│[0m[38;5;244m     database system is ready to accept connections[0m                                               [38;5;240m│[0m
[38;5;240m│[0m[38;5;196m ✗ denodo            failed    its healthcheck (port 9996) did not pass within 3m (Compose)[0m       [38;5;240m│[0m
[38;5;240m│[0m[38;5;244m     [VDP] INFO server.start - TLS is disabled on incoming connections[0m                            [38;5;240m│[0m
[38;5;240m│[0m[38;5;244m     [SSO] INFO Starting DenodoSSOWebApplication 9.4.0 using Java 17.0.17[0m                         [38;5;240m│[0m
[38;5;240m│[0m[38;5;196m ✗ backend           blocked   denodo was not ready[0m                                               [38;5;240m│[0m
[38;5;240m│[0m[38;5;70m ● frontend          running   no dependencies[0m                                                    [38;5;240m│[0m
[38;5;240m│[0m[38;5;244m     VITE v5.4.2  ready in 412 ms[0m                                                                 [38;5;240m│[0m
[38;5;240m│[0m[38;5;244m     ➜  Local:   http://localhost:5175/[0m                                                           [38;5;240m│[0m
[38;5;240m│[0m                                                                                                  [38;5;240m│[0m
[38;5;240m│[0m                                                                                                  [38;5;240m│[0m
[38;5;240m│[0m                                                                                                  [38;5;240m│[0m
[38;5;240m│[0m                                                                                                  [38;5;240m│[0m
[38;5;240m│[0m                                                                                                  [38;5;240m│[0m
[38;5;240m└──────────────────────────────────────────────────────────────────────────────────────────────────┘[0m
[3;38;5;241m[0m                                                                                                    
[3;38;5;241m←/→ Tab: Switch source | q: Quit[0m                                                                    