   ┌───────────────────┐┌──────────────┐┌──────────────┐                                            
   │  🏃‍➡️  running-man  ││  🔧 backend  ││  🔍  Traces  │                                            
┌──┴───────────────────┴┴──────────────┴┘              └───────────────────────────────────────────┐
│Start     Root span    Summary                           Duration  Spans  Errors  Services        │
│09:16:10  chat.turn    Show me the revenue by region...  8.659s    15             backend         │
│09:15:03  GET /things  /things                           182ms     2      1       backend, post...│
│                                                                                                  │
│                                                                                                  │
│                                                                                                  │
│                                                                                                  │
│                                                                                                  │
│                                                                                                  │
│                                                                                                  │
│                                                                                                  │
│                                                                                                  │
└──────────────────────────────────────────────────────────────────────────────────────────────────┘
                                                                                                    
Tab: source | ↑/↓: traces | Enter: open | q: quit                                                   