   ┌───────────────────┐┌──────────────┐┌──────────────┐                                            
   │  🏃‍➡️  running-man  ││  🔧 backend  ││  🔍  Traces  │                                            
┌──┴───────────────────┴┴──────────────┴┘              └───────────────────────────────────────────┐
│ input.value                                                                                      │
│4.4 KB                                                                                            │
│                                                                                                  │
│[{"role":"user","content":[{"type":"text","text":"Describe this chart"},{"type":"image_url","image│
│_url":{"url":"[image/png, 3.2 KB]"}}]}]                                                           │
│                                                                                                  │
│                                                                                                  │
│                                                                                                  │
│                                                                                                  │
│                                                                                                  │
│                                                                                                  │
│                                                                                                  │
└──────────────────────────────────────────────────────────────────────────────────────────────────┘
                                                                                                    
↑/↓ PgUp/PgDn Home/End: Scroll | ESC: Back to span | q: Quit                                        